// Jest Snapshot v1, https://goo.gl/fbAQLP

exports[`expect to render MainPage 1`] = `
<div
  className="tc"
>
  <Header />
  <SearchBox />
  <Scroll>
    <ErrorBoundary>
      <CardList
        signs={Array []}
      />
    </ErrorBoundary>
  </Scroll>
</div>
`;
